// Jest Snapshot v1, https://goo.gl/fbAQLP

exports[`CurrentTasksView should render initial layout 1`] = `
Array [
  <div
    className="columns is-multiline"
  >
    <div
      className="column is-full"
    >
      <React.Fragment>
        <h2>
          Current tasks
        </h2>
        <React.Fragment>
          There is 
        1 
        completed from 2 added tasks.
        </React.Fragment>
      </React.Fragment>
      <div
        className="columns is-variable is-2 is-vcentered"
      >
        <div
          className="column"
        >
          Sort by:
        </div>
        <div
          className="column is-pulled-right is-3"
        >
          <WithStyles(ForwardRef(Select))
            MenuProps={
              Object {
                "disableScrollLock": true,
              }
            }
            autoWidth={true}
            color="secondary"
            disabled={false}
            onChange={[Function]}
            value="name"
          >
            <WithStyles(ForwardRef(MenuItem))
              value="name"
            >
              name
            </WithStyles(ForwardRef(MenuItem))>
            <WithStyles(ForwardRef(MenuItem))
              value="priority"
            >
              priority
            </WithStyles(ForwardRef(MenuItem))>
          </WithStyles(ForwardRef(Select))>
        </div>
        <div
          className="column is-pulled-right is-1"
        >
          <WithStyles(ForwardRef(IconButton))
            color="inherit"
            disabled={false}
            onClick={[Function]}
          >
            <Memo />
          </WithStyles(ForwardRef(IconButton))>
        </div>
      </div>
    </div>
    <div
      className="column is-full"
    >
      <TasksLayout
        handleComplete={[Function]}
        handlePriority={[Function]}
        onDelete={[Function]}
        tasks={
          Array [
            Object {
              "content": "Test 1",
              "isCompleted": true,
              "isHighPriority": true,
            },
            Object {
              "content": "Test 2",
              "isCompleted": false,
              "isHighPriority": false,
            },
          ]
        }
      />
    </div>
  </div>,
]
`;
